2025-07-07 00:28:53,378 - [GPU:165667] - lycodec.training - INFO - 🚀 V100×4 training logger initialized
2025-07-07 00:28:53,549 - [GPU:165667] - lycodec.training - INFO - Model initialized with config: {'latent_dim': 64, 'base_channels': 64, 'n_layers': 6, 'use_triton': False}
2025-07-07 00:28:53,796 - [GPU:165667] - lycodec.training - INFO - ✅ Applied V100 optimized checkpointing to 12 ResidualBlocks
2025-07-07 00:28:54,380 - [GPU:165667] - lycodec.training - INFO - V100×4 setup: 1 GPUs, mixed precision: fp16
2025-07-07 00:28:56,399 - [GPU:165667] - lycodec.training - INFO - 🎯 WandB initialized for V100×4: lycodec-v2-42-v100x4
2025-07-07 00:30:02,110 - [GPU:165667] - lycodec.training - INFO - WandB run finished
2025-07-07 00:42:29,098 - [GPU:170389] - lycodec.training - INFO - 🚀 V100×4 training logger initialized
2025-07-07 00:42:29,261 - [GPU:170389] - lycodec.training - INFO - Model initialized with config: {'latent_dim': 64, 'base_channels': 64, 'n_layers': 6, 'use_triton': False}
2025-07-07 00:42:29,508 - [GPU:170389] - lycodec.training - INFO - ✅ Applied V100 optimized checkpointing to 12 ResidualBlocks
2025-07-07 00:42:30,101 - [GPU:170389] - lycodec.training - INFO - V100×4 setup: 1 GPUs, mixed precision: fp16
2025-07-07 00:42:32,131 - [GPU:170389] - lycodec.training - INFO - 🎯 WandB initialized for V100×4: lycodec-v2-42-v100x4
2025-07-07 00:44:43,056 - [GPU:171646] - lycodec.training - INFO - 🚀 V100×4 training logger initialized
2025-07-07 00:44:43,246 - [GPU:171646] - lycodec.training - INFO - Model initialized with config: {'latent_dim': 64, 'base_channels': 64, 'n_layers': 6, 'use_triton': False}
2025-07-07 00:44:43,525 - [GPU:171646] - lycodec.training - INFO - ✅ Applied V100 optimized checkpointing to 12 ResidualBlocks
2025-07-07 00:46:59,926 - [GPU:172507] - lycodec.training - INFO - 🚀 V100×4 training logger initialized
2025-07-07 00:47:00,106 - [GPU:172507] - lycodec.training - INFO - Model initialized with config: {'latent_dim': 64, 'base_channels': 64, 'n_layers': 6, 'use_triton': False}
2025-07-07 00:47:00,381 - [GPU:172507] - lycodec.training - INFO - ✅ Applied V100 optimized checkpointing to 12 ResidualBlocks
2025-07-07 00:47:01,989 - [GPU:172507] - lycodec.training - INFO - V100×4 setup: 4 GPUs, mixed precision: fp16
2025-07-07 00:47:03,865 - [GPU:172507] - lycodec.training - INFO - 🎯 WandB initialized for V100×4: lycodec-v2-42-v100x4
2025-07-07 00:48:30,431 - [GPU:172507] - lycodec.training - WARNING - Audio reconstruction failed: istft(CUDAComplexFloatType[4, 2, 1025, 427], n_fft=2048, hop_length=512, win_length=2048, window=torch.cuda.FloatTensor{[2048]}, center=0, normalized=0, onesided=1, length=None, return_complex=0) : expected a tensor with 3 or 4 dimensions, but got 5
2025-07-07 00:48:32,532 - [GPU:172507] - lycodec.training - ERROR - Error in batch 0: CUDA out of memory. Tried to allocate 432.00 MiB. GPU 0 has a total capacity of 15.77 GiB of which 264.69 MiB is free. Including non-PyTorch memory, this process has 15.50 GiB memory in use. Of the allocated memory 13.89 GiB is allocated by PyTorch, and 666.47 MiB is reserved by PyTorch but unallocated. If reserved but unallocated memory is large try setting PYTORCH_CUDA_ALLOC_CONF=expandable_segments:True to avoid fragmentation.  See documentation for Memory Management  (https://pytorch.org/docs/stable/notes/cuda.html#environment-variables)
2025-07-07 00:48:32,552 - [GPU:172507] - lycodec.training - WARNING - Checkpointing failed for encoder.layers[0].ResidualBlock: CUDA out of memory. Tried to allocate 428.00 MiB. GPU 0 has a total capacity of 15.77 GiB of which 264.69 MiB is free. Including non-PyTorch memory, this process has 15.50 GiB memory in use. Of the allocated memory 14.00 GiB is allocated by PyTorch, and 556.06 MiB is reserved by PyTorch but unallocated. If reserved but unallocated memory is large try setting PYTORCH_CUDA_ALLOC_CONF=expandable_segments:True to avoid fragmentation.  See documentation for Memory Management  (https://pytorch.org/docs/stable/notes/cuda.html#environment-variables)
2025-07-07 00:48:32,555 - [GPU:172507] - lycodec.training - ERROR - Error in training step: CUDA out of memory. Tried to allocate 428.00 MiB. GPU 0 has a total capacity of 15.77 GiB of which 264.69 MiB is free. Including non-PyTorch memory, this process has 15.50 GiB memory in use. Of the allocated memory 14.00 GiB is allocated by PyTorch, and 556.06 MiB is reserved by PyTorch but unallocated. If reserved but unallocated memory is large try setting PYTORCH_CUDA_ALLOC_CONF=expandable_segments:True to avoid fragmentation.  See documentation for Memory Management  (https://pytorch.org/docs/stable/notes/cuda.html#environment-variables)
2025-07-07 00:50:08,128 - [GPU:174063] - lycodec.training - INFO - 🚀 V100×4 training logger initialized
2025-07-07 00:50:08,288 - [GPU:174063] - lycodec.training - INFO - Model initialized with config: {'latent_dim': 64, 'base_channels': 64, 'n_layers': 6, 'use_triton': False}
2025-07-07 00:50:08,566 - [GPU:174063] - lycodec.training - INFO - ✅ Applied V100 optimized checkpointing to 12 ResidualBlocks
2025-07-07 00:50:10,200 - [GPU:174063] - lycodec.training - INFO - V100×4 setup: 4 GPUs, mixed precision: fp16
2025-07-07 00:50:12,001 - [GPU:174063] - lycodec.training - INFO - 🎯 WandB initialized for V100×4: lycodec-v2-42-v100x4
2025-07-07 00:50:59,893 - [GPU:174063] - lycodec.training - WARNING - Audio reconstruction failed: istft(CUDAComplexFloatType[2, 2, 1025, 427], n_fft=2048, hop_length=512, win_length=2048, window=torch.cuda.FloatTensor{[2048]}, center=0, normalized=0, onesided=1, length=None, return_complex=0) : expected a tensor with 3 or 4 dimensions, but got 5
2025-07-07 00:54:50,638 - [GPU:176201] - lycodec.training - INFO - 🚀 V100×4 training logger initialized
2025-07-07 00:54:50,817 - [GPU:176201] - lycodec.training - INFO - Model initialized with config: {'latent_dim': 64, 'base_channels': 64, 'n_layers': 6, 'use_triton': False}
2025-07-07 00:54:51,074 - [GPU:176201] - lycodec.training - INFO - ✅ Applied V100 optimized checkpointing to 12 ResidualBlocks
2025-07-07 00:54:53,003 - [GPU:176201] - lycodec.training - INFO - V100×4 setup: 4 GPUs, mixed precision: fp16
2025-07-07 00:54:54,756 - [GPU:176201] - lycodec.training - INFO - 🎯 WandB initialized for V100×4: lycodec-v2-42-v100x4
2025-07-07 00:55:40,843 - [GPU:176201] - lycodec.training - WARNING - Audio reconstruction failed: stft(torch.cuda.FloatTensor[2, 2, 218112], n_fft=512, hop_length=128, win_length=512, window=torch.cuda.FloatTensor{[512]}, normalized=0, onesided=1, return_complex=1) : expected a 1D or 2D tensor
2025-07-07 00:58:45,223 - [GPU:177999] - lycodec.training - INFO - 🚀 V100×4 training logger initialized
2025-07-07 00:58:45,401 - [GPU:177999] - lycodec.training - INFO - Model initialized with config: {'latent_dim': 64, 'base_channels': 64, 'n_layers': 6, 'use_triton': False}
2025-07-07 00:58:45,680 - [GPU:177999] - lycodec.training - INFO - ✅ Applied V100 optimized checkpointing to 12 ResidualBlocks
2025-07-07 00:58:47,256 - [GPU:177999] - lycodec.training - INFO - V100×4 setup: 4 GPUs, mixed precision: fp16
2025-07-07 00:58:49,042 - [GPU:177999] - lycodec.training - INFO - 🎯 WandB initialized for V100×4: lycodec-v2-42-v100x4
2025-07-07 01:06:30,971 - [GPU:180600] - lycodec.training - INFO - 🚀 V100×4 training logger initialized
2025-07-07 01:06:31,145 - [GPU:180600] - lycodec.training - INFO - Model initialized with config: {'latent_dim': 64, 'base_channels': 64, 'n_layers': 6, 'use_triton': False}
2025-07-07 01:06:31,419 - [GPU:180600] - lycodec.training - INFO - ✅ Applied V100 optimized checkpointing to 12 ResidualBlocks
2025-07-07 01:06:32,921 - [GPU:180600] - lycodec.training - INFO - V100×4 setup: 4 GPUs, mixed precision: fp16
2025-07-07 01:06:35,044 - [GPU:180600] - lycodec.training - INFO - 🎯 WandB initialized for V100×4: lycodec-v2-42-v100x4
2025-07-07 01:11:41,537 - [GPU:182915] - lycodec.training - INFO - 🚀 V100×4 training logger initialized
2025-07-07 01:11:41,716 - [GPU:182915] - lycodec.training - INFO - Model initialized with config: {'latent_dim': 64, 'base_channels': 64, 'n_layers': 6, 'use_triton': False}
2025-07-07 01:11:41,990 - [GPU:182915] - lycodec.training - INFO - ✅ Applied V100 optimized checkpointing to 12 ResidualBlocks
2025-07-07 01:11:43,559 - [GPU:182915] - lycodec.training - INFO - V100×4 setup: 4 GPUs, mixed precision: fp16
2025-07-07 01:11:45,363 - [GPU:182915] - lycodec.training - INFO - 🎯 WandB initialized for V100×4: lycodec-v2-42-v100x4
2025-07-07 01:18:20,967 - [GPU:185485] - lycodec.training - INFO - 🚀 V100×4 training logger initialized
2025-07-07 01:18:21,124 - [GPU:185485] - lycodec.training - INFO - Model initialized with config: {'latent_dim': 64, 'base_channels': 64, 'n_layers': 6, 'use_triton': False}
2025-07-07 01:18:21,392 - [GPU:185485] - lycodec.training - INFO - ✅ Applied V100 optimized checkpointing to 12 ResidualBlocks
2025-07-07 01:18:22,892 - [GPU:185485] - lycodec.training - INFO - V100×4 setup: 4 GPUs, mixed precision: fp16
2025-07-07 01:18:24,859 - [GPU:185485] - lycodec.training - INFO - 🎯 WandB initialized for V100×4: lycodec-v2-42-v100x4
2025-07-07 01:21:04,043 - [GPU:186876] - lycodec.training - INFO - 🚀 V100×4 training logger initialized
2025-07-07 01:21:04,218 - [GPU:186876] - lycodec.training - INFO - Model initialized with config: {'latent_dim': 64, 'base_channels': 64, 'n_layers': 6, 'use_triton': False}
2025-07-07 01:21:04,489 - [GPU:186876] - lycodec.training - INFO - ✅ Applied V100 optimized checkpointing to 12 ResidualBlocks
2025-07-07 01:21:05,907 - [GPU:186876] - lycodec.training - INFO - V100×4 setup: 4 GPUs, mixed precision: fp16
2025-07-07 01:21:07,671 - [GPU:186876] - lycodec.training - INFO - 🎯 WandB initialized for V100×4: lycodec-v2-42-v100x4
2025-07-07 01:24:17,095 - [GPU:188056] - lycodec.training - INFO - 🚀 V100×4 training logger initialized
2025-07-07 01:24:17,278 - [GPU:188056] - lycodec.training - INFO - Model initialized with config: {'latent_dim': 64, 'base_channels': 64, 'n_layers': 6, 'use_triton': False}
2025-07-07 01:24:17,553 - [GPU:188056] - lycodec.training - INFO - ✅ Applied V100 optimized checkpointing to 12 ResidualBlocks
2025-07-07 01:24:18,951 - [GPU:188056] - lycodec.training - INFO - V100×4 setup: 4 GPUs, mixed precision: fp16
2025-07-07 01:24:20,721 - [GPU:188056] - lycodec.training - INFO - 🎯 WandB initialized for V100×4: lycodec-v2-42-v100x4
2025-07-07 01:25:38,839 - [GPU:189072] - lycodec.training - INFO - 🚀 V100×4 training logger initialized
2025-07-07 01:25:39,019 - [GPU:189072] - lycodec.training - INFO - Model initialized with config: {'latent_dim': 64, 'base_channels': 64, 'n_layers': 6, 'use_triton': False}
2025-07-07 01:25:39,292 - [GPU:189072] - lycodec.training - INFO - ✅ Applied V100 optimized checkpointing to 12 ResidualBlocks
2025-07-07 01:25:40,835 - [GPU:189072] - lycodec.training - INFO - V100×4 setup: 4 GPUs, mixed precision: no
2025-07-07 01:25:42,771 - [GPU:189072] - lycodec.training - INFO - 🎯 WandB initialized for V100×4: lycodec-v2-42-v100x4
2025-07-07 01:29:49,231 - [GPU:190865] - lycodec.training - INFO - 🚀 V100×4 training logger initialized
2025-07-07 01:29:49,409 - [GPU:190865] - lycodec.training - INFO - Model initialized with config: {'latent_dim': 64, 'base_channels': 64, 'n_layers': 6, 'use_triton': False}
2025-07-07 01:29:49,683 - [GPU:190865] - lycodec.training - INFO - ✅ Applied V100 optimized checkpointing to 12 ResidualBlocks
2025-07-07 01:29:51,092 - [GPU:190865] - lycodec.training - INFO - V100×4 setup: 4 GPUs, mixed precision: no
2025-07-07 01:29:53,017 - [GPU:190865] - lycodec.training - INFO - 🎯 WandB initialized for V100×4: lycodec-v2-42-v100x4
2025-07-07 01:31:54,473 - [GPU:191926] - lycodec.training - INFO - 🚀 V100×4 training logger initialized
2025-07-07 01:31:54,636 - [GPU:191926] - lycodec.training - INFO - Model initialized with config: {'latent_dim': 64, 'base_channels': 64, 'n_layers': 6, 'use_triton': False}
2025-07-07 01:31:56,384 - [GPU:191926] - lycodec.training - INFO - V100×4 setup: 4 GPUs, mixed precision: no
2025-07-07 01:31:58,244 - [GPU:191926] - lycodec.training - INFO - 🎯 WandB initialized for V100×4: lycodec-v2-42-v100x4
2025-07-07 01:32:54,817 - [GPU:192531] - lycodec.training - INFO - 🚀 V100×4 training logger initialized
2025-07-07 01:32:54,973 - [GPU:192531] - lycodec.training - INFO - Model initialized with config: {'latent_dim': 64, 'base_channels': 64, 'n_layers': 6, 'use_triton': False}
2025-07-07 01:33:54,444 - [GPU:192981] - lycodec.training - INFO - 🚀 V100×4 training logger initialized
2025-07-07 01:33:54,604 - [GPU:192981] - lycodec.training - INFO - Model initialized with config: {'latent_dim': 64, 'base_channels': 64, 'n_layers': 6, 'use_triton': False}
2025-07-07 01:33:55,468 - [GPU:192981] - lycodec.training - INFO - V100×4 setup: 1 GPUs, mixed precision: no
2025-07-07 01:33:57,145 - [GPU:192981] - lycodec.training - INFO - 🎯 WandB initialized for V100×4: lycodec-v2-42-v100x4
2025-07-07 01:35:35,017 - [GPU:192981] - lycodec.training - ERROR - Error in training step: CUDA out of memory. Tried to allocate 2.53 GiB. GPU 0 has a total capacity of 15.77 GiB of which 1.34 GiB is free. Including non-PyTorch memory, this process has 14.42 GiB memory in use. Of the allocated memory 13.81 GiB is allocated by PyTorch, and 239.50 MiB is reserved by PyTorch but unallocated. If reserved but unallocated memory is large try setting PYTORCH_CUDA_ALLOC_CONF=expandable_segments:True to avoid fragmentation.  See documentation for Memory Management  (https://pytorch.org/docs/stable/notes/cuda.html#environment-variables)
2025-07-07 01:37:04,162 - [GPU:192981] - lycodec.training - ERROR - Error in training step: CUDA out of memory. Tried to allocate 2.53 GiB. GPU 0 has a total capacity of 15.77 GiB of which 1.34 GiB is free. Including non-PyTorch memory, this process has 14.42 GiB memory in use. Of the allocated memory 13.82 GiB is allocated by PyTorch, and 239.39 MiB is reserved by PyTorch but unallocated. If reserved but unallocated memory is large try setting PYTORCH_CUDA_ALLOC_CONF=expandable_segments:True to avoid fragmentation.  See documentation for Memory Management  (https://pytorch.org/docs/stable/notes/cuda.html#environment-variables)
2025-07-07 01:38:31,318 - [GPU:192981] - root - INFO - x86_64-linux-gnu-gcc -Wno-unused-result -Wsign-compare -DNDEBUG -g -fwrapv -O2 -Wall -g -fstack-protector-strong -Wformat -Werror=format-security -g -fwrapv -O2 -fPIC -c /tmp/tmpzl71y3os/test.c -o /tmp/tmpzl71y3os/test.o
2025-07-07 01:38:31,352 - [GPU:192981] - root - INFO - x86_64-linux-gnu-gcc /tmp/tmpzl71y3os/test.o -laio -o /tmp/tmpzl71y3os/a.out
2025-07-07 01:38:31,717 - [GPU:192981] - root - INFO - x86_64-linux-gnu-gcc -Wno-unused-result -Wsign-compare -DNDEBUG -g -fwrapv -O2 -Wall -g -fstack-protector-strong -Wformat -Werror=format-security -g -fwrapv -O2 -fPIC -c /tmp/tmpuj3q739a/test.c -o /tmp/tmpuj3q739a/test.o
2025-07-07 01:38:31,746 - [GPU:192981] - root - INFO - x86_64-linux-gnu-gcc /tmp/tmpuj3q739a/test.o -L/usr/local/cuda -L/usr/local/cuda/lib64 -lcufile -o /tmp/tmpuj3q739a/a.out
2025-07-07 01:38:31,819 - [GPU:192981] - root - INFO - x86_64-linux-gnu-gcc -Wno-unused-result -Wsign-compare -DNDEBUG -g -fwrapv -O2 -Wall -g -fstack-protector-strong -Wformat -Werror=format-security -g -fwrapv -O2 -fPIC -c /tmp/tmpperxjhrw/test.c -o /tmp/tmpperxjhrw/test.o
2025-07-07 01:38:31,840 - [GPU:192981] - root - INFO - x86_64-linux-gnu-gcc /tmp/tmpperxjhrw/test.o -laio -o /tmp/tmpperxjhrw/a.out
2025-07-07 01:38:37,732 - [GPU:192981] - lycodec.training - INFO - V100×4 checkpoint saved: checkpoints/interrupted_epoch_0.pt
2025-07-07 01:38:39,112 - [GPU:192981] - lycodec.training - INFO - WandB run finished
2025-07-07 01:43:46,187 - [GPU:196182] - lycodec.training - INFO - 🚀 V100×4 training logger initialized
2025-07-07 01:43:46,332 - [GPU:196182] - lycodec.training - INFO - Model initialized with config: {'latent_dim': 64, 'base_channels': 64, 'n_layers': 6, 'use_triton': False}
2025-07-07 01:43:46,578 - [GPU:196182] - lycodec.training - INFO - ✅ Applied V100 optimized checkpointing to 12 ResidualBlocks
2025-07-07 01:43:47,163 - [GPU:196182] - lycodec.training - INFO - V100×4 setup: 1 GPUs, mixed precision: no
2025-07-07 01:43:48,888 - [GPU:196182] - lycodec.training - INFO - 🎯 WandB initialized for V100×4: lycodec-v2-42-v100x4
